// Jest Snapshot v1, https://goo.gl/fbAQLP

exports[`Calculator snapshots should match the calculator DOM snapshot 1`] = `
<div
  className="main-container"
>
  <div>
    <h3
      data-testid="welcome-title"
    >
      Let's do some math!!
    </h3>
    <div
      className="magician"
    />
  </div>
  <div
    className="container"
  >
    <article
      className="display-content"
    >
      <input
        className="input-text"
        data-testid="output"
        disabled={true}
        id="calc-screen"
        type="text"
        value="0"
      />
    </article>
    <article
      className="math-functions"
    >
      <article
        className="math-row row-first"
      >
        <button
          data-testid="clear"
          name="AC"
          onClick={[Function]}
          type="button"
        >
          AC
        </button>
        <button
          data-testid="add"
          name="+/-"
          onClick={[Function]}
          type="button"
        >
          +/-
        </button>
        <button
          data-testid="modulo"
          name="%"
          onClick={[Function]}
          type="button"
        >
          %
        </button>
        <button
          name="รท"
          onClick={[Function]}
          type="button"
        >
          รท
        </button>
      </article>
      <article
        className="math-row row-second"
      >
        <button
          name="7"
          onClick={[Function]}
          type="button"
        >
          7
        </button>
        <button
          name="8"
          onClick={[Function]}
          type="button"
        >
          8
        </button>
        <button
          name="9"
          onClick={[Function]}
          type="button"
        >
          9
        </button>
        <button
          name="x"
          onClick={[Function]}
          type="button"
        >
          x
        </button>
      </article>
      <article
        className="math-row row-third"
      >
        <button
          name="4"
          onClick={[Function]}
          type="button"
        >
          4
        </button>
        <button
          name="5"
          onClick={[Function]}
          type="button"
        >
          5
        </button>
        <button
          name="6"
          onClick={[Function]}
          type="button"
        >
          6
        </button>
        <button
          name="-"
          onClick={[Function]}
          type="button"
        >
          -
        </button>
      </article>
      <article
        className="math-row row-fourth"
      >
        <button
          name="1"
          onClick={[Function]}
          type="button"
        >
          1
        </button>
        <button
          name="2"
          onClick={[Function]}
          type="button"
        >
          2
        </button>
        <button
          name="3"
          onClick={[Function]}
          type="button"
        >
          3
        </button>
        <button
          name="+"
          onClick={[Function]}
          type="button"
        >
          +
        </button>
      </article>
      <article
        className="math-row row-fifth"
      >
        <div>
          <button
            name="0"
            onClick={[Function]}
            type="button"
          >
            0
          </button>
        </div>
        <div>
          <button
            name="."
            onClick={[Function]}
            type="button"
          >
            .
          </button>
          <button
            name="="
            onClick={[Function]}
            type="button"
          >
            =
          </button>
        </div>
      </article>
    </article>
  </div>
</div>
`;
