// Jest Snapshot v1, https://goo.gl/fbAQLP

exports[`Navbar snapshots should match the Navbar DOM snapshots 1`] = `
<nav
  className="nav-items"
>
  <div
    className="logo"
    data-testid="mylogo"
  >
    Math Magicians
  </div>
  <ul
    className="nav-links"
  >
    <li>
      <a
        className="navlink"
        href="/"
        onClick={[Function]}
      >
        Home
      </a>
    </li>
    <li>
      <a
        className="navlink"
        href="/Calculator"
        onClick={[Function]}
      >
        Calculator
      </a>
    </li>
    <li>
      <a
        href="/Quotes"
        onClick={[Function]}
      >
        Quotes
      </a>
    </li>
  </ul>
</nav>
`;
