// Jest Snapshot v1, https://goo.gl/fbAQLP

exports[`should match DOM snapshots should match the calculate DOM snapshot 1`] = `<operate />`;
